// Jest Snapshot v1, https://goo.gl/fbAQLP

exports[`Pruebas en <HookApp /> Debe de mostrar el <HookApp> correctamnete 1`] = `
<div>
  <h4>
    Hola Mundo
  </h4>
</div>
`;
