// Jest Snapshot v1, https://goo.gl/fbAQLP

exports[`Pruebas en <PrimeraApp /> Debe de mostrar el <PrimeraApp> correctamnete 1`] = `
<Fragment>
  <h1>
    Hola Mundo const
  </h1>
  <h2>
    Hola Soy Goku
  </h2>
  <h3>
    Soy un subtitulo
  </h3>
  <p>
    Mi primera app
  </p>
</Fragment>
`;
