// Jest Snapshot v1, https://goo.gl/fbAQLP

exports[`Pruebas en <GifGridItem /> Debe de mostrar el <GifGridItem> correctamnete 1`] = `
<div
  className="card"
>
  <img
    alt="A title"
    src="https://localhost/algo.jpg"
  />
  <p>
    A title
  </p>
</div>
`;
